hi 
hello
hru


raghu
devops
